===============================
 Linux Server Monitoring Script
===============================

Date & Time:
Sat May  9 18:50:25 UTC 2026

--------------------------------
CPU Usage:
%Cpu(s):  0.0 us,  0.0 sy,  0.0 ni,100.0 id,  0.0 wa,  0.0 hi,  0.0 si,  0.0 st 

--------------------------------
Memory Usage:
               total        used        free      shared  buff/cache   available
Mem:           908Mi       317Mi       139Mi       2.7Mi       564Mi       590Mi
Swap:             0B          0B          0B

--------------------------------
Disk Usage:
Filesystem       Size  Used Avail Use% Mounted on
/dev/root        6.7G  2.3G  4.4G  34% /
tmpfs            455M     0  455M   0% /dev/shm
tmpfs            182M  900K  181M   1% /run
efivarfs         128K  3.1K  120K   3% /sys/firmware/efi/efivars
tmpfs            455M     0  455M   0% /tmp
none             1.0M     0  1.0M   0% /run/credentials/systemd-journald.service
none             1.0M     0  1.0M   0% /run/credentials/systemd-resolved.service
/dev/nvme0n1p13  989M   96M  826M  11% /boot
/dev/nvme0n1p15  105M  6.3M   99M   7% /boot/efi
none             1.0M     0  1.0M   0% /run/credentials/systemd-networkd.service
none             1.0M     0  1.0M   0% /run/credentials/getty@tty1.service
none             1.0M     0  1.0M   0% /run/credentials/serial-getty@ttyS0.service
tmpfs             91M  8.0K   91M   1% /run/user/1000

--------------------------------
Top 5 Running Processes:
    PID    PPID CMD                         %MEM %CPU
      1       0 /sbin/init                   1.7  0.5
   1076       1 /snap/amazon-ssm-agent/1300  2.2  0.1
    669       1 /usr/lib/snapd/snapd         4.2  0.1
    202       1 /usr/lib/systemd/systemd-ud  1.4  0.0
   1261    1144 sshd-session: ubuntu@pts/0   0.8  0.0
    129       1 /usr/lib/systemd/systemd-jo  1.5  0.0
    663       1 /usr/bin/python3 /usr/bin/n  3.1  0.0
    748       1 /usr/bin/python3 /usr/share  3.4  0.0
   1149       1 /usr/lib/systemd/systemd --  1.3  0.0

--------------------------------
System Uptime:
 18:50:25 up 7 min,  1 user,  load average: 0.00, 0.07, 0.05

===============================
 Monitoring Completed
===============================
